// Jest Snapshot v1, https://goo.gl/fbAQLP

exports[`Counter component 1`] = `
<DocumentFragment>
  .emotion-0 {
  all: revert;
}

<div>
    <button
      aria-label="Increase Quantity"
      class="emotion-0"
    >
      <i
        aria-hidden="true"
        class="minus square big icon"
      />
    </button>
    <span />
    <button
      aria-label="Decrease Quantity"
    >
      <i
        aria-hidden="true"
        class="add square big icon"
      />
    </button>
  </div>
</DocumentFragment>
`;
