// Jest Snapshot v1, https://goo.gl/fbAQLP

exports[`Login Form on Submit 1`] = `
<DocumentFragment>
  <div>
    <div
      class="css-1b9ibjh-Login"
    >
      <form>
        <img
          alt="Glovo Logo"
          src="glovo386.png"
        />
        <div
          class="css-jqdtzp-Login"
        >
          <input
            aria-label="Enter your e-mail"
            class="css-1qzxhrb-Input"
            placeholder="Enter your e-mail"
            type="email"
          />
        </div>
        <div
          class="css-jqdtzp-Login"
        >
          <input
            aria-label="Enter your password"
            class="css-1qzxhrb-Input"
            placeholder="Enter your password"
            type="password"
          />
        </div>
        <button
          class="css-t8wux9-Button"
        >
          Submit
        </button>
      </form>
    </div>
  </div>
</DocumentFragment>
`;
